[01:12:09] [Server thread/INFO]: Starting minecraft server version 1.12.2
[01:12:09] [Server thread/INFO]: Loading properties
[01:12:09] [Server thread/INFO]: Default game type: SURVIVAL
[01:12:09] [Server thread/INFO]: This server is running Paper version git-Paper-1620 (MC: 1.12.2) (Implementing API version 1.12.2-R0.1-SNAPSHOT)
[01:12:09] [Server thread/INFO]: Debug logging is disabled
[01:12:09] [Server thread/INFO]: Server Ping Player Sample Count: 12
[01:12:09] [Server thread/INFO]: Using 4 threads for Netty based IO
[01:12:10] [Server thread/INFO]: Generating keypair
[01:12:10] [Server thread/INFO]: Starting Minecraft server on *:25566
[01:12:10] [Server thread/INFO]: Using default channel type
[01:12:10] [Server thread/ERROR]: Could not load 'plugins/ProtocolLib.jar' in folder 'plugins'
org.bukkit.plugin.InvalidDescriptionException: Invalid plugin.yml
	at org.bukkit.plugin.java.JavaPluginLoader.getPluginDescription(JavaPluginLoader.java:158) ~[patched_1.12.2.jar:git-Paper-1620]
	at org.bukkit.plugin.SimplePluginManager.loadPlugins(SimplePluginManager.java:136) ~[patched_1.12.2.jar:git-Paper-1620]
	at org.bukkit.craftbukkit.v1_12_R1.CraftServer.loadPlugins(CraftServer.java:318) ~[patched_1.12.2.jar:git-Paper-1620]
	at net.minecraft.server.v1_12_R1.DedicatedServer.init(DedicatedServer.java:222) ~[patched_1.12.2.jar:git-Paper-1620]
	at net.minecraft.server.v1_12_R1.MinecraftServer.run(MinecraftServer.java:616) ~[patched_1.12.2.jar:git-Paper-1620]
	at java.lang.Thread.run(Thread.java:1583) [?:?]
Caused by: java.util.zip.ZipException: zip file is empty
	at java.util.zip.ZipFile$Source.zerror(ZipFile.java:1781) ~[?:?]
	at java.util.zip.ZipFile$Source.findEND(ZipFile.java:1562) ~[?:?]
	at java.util.zip.ZipFile$Source.initCEN(ZipFile.java:1657) ~[?:?]
	at java.util.zip.ZipFile$Source.<init>(ZipFile.java:1495) ~[?:?]
	at java.util.zip.ZipFile$Source.get(ZipFile.java:1458) ~[?:?]
	at java.util.zip.ZipFile$CleanableResource.<init>(ZipFile.java:724) ~[?:?]
	at java.util.zip.ZipFile.<init>(ZipFile.java:251) ~[?:?]
	at java.util.zip.ZipFile.<init>(ZipFile.java:180) ~[?:?]
	at java.util.jar.JarFile.<init>(JarFile.java:345) ~[?:?]
	at java.util.jar.JarFile.<init>(JarFile.java:316) ~[?:?]
	at java.util.jar.JarFile.<init>(JarFile.java:282) ~[?:?]
	at org.bukkit.plugin.java.JavaPluginLoader.getPluginDescription(JavaPluginLoader.java:146) ~[patched_1.12.2.jar:git-Paper-1620]
	... 5 more
[01:12:10] [Server thread/INFO]: Set PluginClassLoader as parallel capable
[01:12:11] [Server thread/INFO]: [Inject] Loading Inject v1.0.3
[01:12:11] [Server thread/INFO]: [SimpleTpa] Loading SimpleTpa v6.4
[01:12:11] [Server thread/INFO]: [InventorySpy] Loading InventorySpy v1.0.0
[01:12:11] [Server thread/INFO]: [WorldEdit] Loading WorldEdit v6.1;no_git_id
[01:12:11] [Server thread/INFO]: [CursedAltar] Loading CursedAltar v1.0
[01:12:11] [Server thread/INFO]: [DisguiseSimple] Loading DisguiseSimple v1.0
[01:12:11] [Server thread/INFO]: [LoginSecurity] Loading LoginSecurity v3.2.0
[01:12:11] [Server thread/INFO]: [SimpleHomes] Loading SimpleHomes v2.2
[01:12:11] [Server thread/INFO]: [EaglerVanish] Loading EaglerVanish v1.0.0
[01:12:11] [Server thread/INFO]: [TickFreeze] Loading TickFreeze v1.0.0
[01:12:11] [Server thread/INFO]: [ViaVersion] Loading ViaVersion v5.4.2
[01:12:11] [Server thread/INFO]: [ViaVersion] ViaVersion 5.4.2 is now loaded. Registering protocol transformers and injecting...
[01:12:11] [Via-Mappingloader-0/INFO]: [ViaVersion] Loading block connection mappings ...
[01:12:12] [Via-Mappingloader-0/INFO]: [ViaVersion] Using FastUtil Long2ObjectOpenHashMap for block connections
[01:12:12] [Server thread/INFO]: [ViaBackwards] Loading translations...
[01:12:12] [Server thread/INFO]: [ViaBackwards] Registering protocols...
[01:12:12] [Server thread/INFO]: [ImmersivePortals] Loading ImmersivePortals v1.0
[01:12:12] [Server thread/INFO]: [ViaBackwards] Loading ViaBackwards v5.4.2
[01:12:12] [Server thread/INFO]: Server permissions file permissions.yml is empty, ignoring it
[01:12:12] [Server thread/WARN]: **** SERVER IS RUNNING IN OFFLINE/INSECURE MODE!
[01:12:12] [Server thread/WARN]: The server will make no attempt to authenticate usernames. Beware.
[01:12:12] [Server thread/WARN]: While this makes the game possible to play without internet access, it also opens up the ability for hackers to connect with any username they choose.
[01:12:12] [Server thread/WARN]: To change this, set "online-mode" to "true" in the server.properties file.
[01:12:12] [Server thread/INFO]: **** Beginning UUID conversion, this may take A LONG time ****
[01:12:12] [Server thread/INFO]: Preparing level "world"
[01:12:12] [Server thread/INFO]: -------- World Settings For [world] --------
[01:12:12] [Server thread/INFO]: Mob Spawn Range: 4
[01:12:12] [Server thread/INFO]: Cactus Growth Modifier: 100%
[01:12:12] [Server thread/INFO]: Cane Growth Modifier: 100%
[01:12:12] [Server thread/INFO]: Melon Growth Modifier: 100%
[01:12:12] [Server thread/INFO]: Mushroom Growth Modifier: 100%
[01:12:12] [Server thread/INFO]: Pumpkin Growth Modifier: 100%
[01:12:12] [Server thread/INFO]: Sapling Growth Modifier: 100%
[01:12:12] [Server thread/INFO]: Wheat Growth Modifier: 100%
[01:12:12] [Server thread/INFO]: NetherWart Growth Modifier: 100%
[01:12:12] [Server thread/INFO]: Vine Growth Modifier: 100%
[01:12:12] [Server thread/INFO]: Cocoa Growth Modifier: 100%
[01:12:12] [Server thread/INFO]: Entity Activation Range: An 32 / Mo 32 / Mi 16 / Tiv true
[01:12:12] [Server thread/INFO]: Entity Tracking Range: Pl 48 / An 48 / Mo 48 / Mi 32 / Other 64
[01:12:12] [Server thread/INFO]: Hopper Transfer: 8 Hopper Check: 1 Hopper Amount: 1
[01:12:12] [Server thread/INFO]: Random Lighting Updates: false
[01:12:13] [Server thread/INFO]: Structure Info Saving: true
[01:12:13] [Server thread/INFO]: Custom Map Seeds:  Village: 10387312 Feature: 14357617 Monument: 10387313 Slime: 987234911
[01:12:13] [Server thread/INFO]: Max TNT Explosions: 100
[01:12:13] [Server thread/INFO]: Tile Max Tick Time: 50ms Entity max Tick Time: 50ms
[01:12:13] [Server thread/INFO]: Item Despawn Rate: 6000
[01:12:13] [Server thread/INFO]: Item Merge Radius: 2.5
[01:12:13] [Server thread/INFO]: View Distance: 4
[01:12:13] [Server thread/INFO]: Arrow Despawn Rate: 1200
[01:12:13] [Server thread/INFO]: Allow Zombie Pigmen to spawn from portal blocks: true
[01:12:13] [Server thread/INFO]: Experience Merge Radius: 3.0
[01:12:13] [Server thread/INFO]: Zombie Aggressive Towards Villager: true
[01:12:13] [Server thread/INFO]: Nerfing mobs spawned from spawners: false
[01:12:13] [Server thread/INFO]: -------- World Settings For [world_nether] --------
[01:12:13] [Server thread/INFO]: Mob Spawn Range: 4
[01:12:13] [Server thread/INFO]: Cactus Growth Modifier: 100%
[01:12:13] [Server thread/INFO]: Cane Growth Modifier: 100%
[01:12:13] [Server thread/INFO]: Melon Growth Modifier: 100%
[01:12:13] [Server thread/INFO]: Mushroom Growth Modifier: 100%
[01:12:13] [Server thread/INFO]: Pumpkin Growth Modifier: 100%
[01:12:13] [Server thread/INFO]: Sapling Growth Modifier: 100%
[01:12:13] [Server thread/INFO]: Wheat Growth Modifier: 100%
[01:12:13] [Server thread/INFO]: NetherWart Growth Modifier: 100%
[01:12:13] [Server thread/INFO]: Vine Growth Modifier: 100%
[01:12:13] [Server thread/INFO]: Cocoa Growth Modifier: 100%
[01:12:13] [Server thread/INFO]: Entity Activation Range: An 32 / Mo 32 / Mi 16 / Tiv true
[01:12:13] [Server thread/INFO]: Entity Tracking Range: Pl 48 / An 48 / Mo 48 / Mi 32 / Other 64
[01:12:13] [Server thread/INFO]: Hopper Transfer: 8 Hopper Check: 1 Hopper Amount: 1
[01:12:13] [Server thread/INFO]: Random Lighting Updates: false
[01:12:13] [Server thread/INFO]: Structure Info Saving: true
[01:12:13] [Server thread/INFO]: Custom Map Seeds:  Village: 10387312 Feature: 14357617 Monument: 10387313 Slime: 987234911
[01:12:13] [Server thread/INFO]: Max TNT Explosions: 100
[01:12:13] [Server thread/INFO]: Tile Max Tick Time: 50ms Entity max Tick Time: 50ms
[01:12:13] [Server thread/INFO]: Item Despawn Rate: 6000
[01:12:13] [Server thread/INFO]: Item Merge Radius: 2.5
[01:12:13] [Server thread/INFO]: View Distance: 4
[01:12:13] [Server thread/INFO]: Arrow Despawn Rate: 1200
[01:12:13] [Server thread/INFO]: Allow Zombie Pigmen to spawn from portal blocks: true
[01:12:13] [Server thread/INFO]: Experience Merge Radius: 3.0
[01:12:13] [Server thread/INFO]: Zombie Aggressive Towards Villager: true
[01:12:13] [Server thread/INFO]: Nerfing mobs spawned from spawners: false
[01:12:13] [Server thread/INFO]: -------- World Settings For [world_the_end] --------
[01:12:13] [Server thread/INFO]: Mob Spawn Range: 4
[01:12:13] [Server thread/INFO]: Cactus Growth Modifier: 100%
[01:12:13] [Server thread/INFO]: Cane Growth Modifier: 100%
[01:12:13] [Server thread/INFO]: Melon Growth Modifier: 100%
[01:12:13] [Server thread/INFO]: Mushroom Growth Modifier: 100%
[01:12:13] [Server thread/INFO]: Pumpkin Growth Modifier: 100%
[01:12:13] [Server thread/INFO]: Sapling Growth Modifier: 100%
[01:12:13] [Server thread/INFO]: Wheat Growth Modifier: 100%
[01:12:13] [Server thread/INFO]: NetherWart Growth Modifier: 100%
[01:12:13] [Server thread/INFO]: Vine Growth Modifier: 100%
[01:12:13] [Server thread/INFO]: Cocoa Growth Modifier: 100%
[01:12:13] [Server thread/INFO]: Entity Activation Range: An 32 / Mo 32 / Mi 16 / Tiv true
[01:12:13] [Server thread/INFO]: Entity Tracking Range: Pl 48 / An 48 / Mo 48 / Mi 32 / Other 64
[01:12:13] [Server thread/INFO]: Hopper Transfer: 8 Hopper Check: 1 Hopper Amount: 1
[01:12:13] [Server thread/INFO]: Random Lighting Updates: false
[01:12:13] [Server thread/INFO]: Structure Info Saving: true
[01:12:13] [Server thread/INFO]: Custom Map Seeds:  Village: 10387312 Feature: 14357617 Monument: 10387313 Slime: 987234911
[01:12:13] [Server thread/INFO]: Max TNT Explosions: 100
[01:12:13] [Server thread/INFO]: Tile Max Tick Time: 50ms Entity max Tick Time: 50ms
[01:12:13] [Server thread/INFO]: Item Despawn Rate: 6000
[01:12:13] [Server thread/INFO]: Item Merge Radius: 2.5
[01:12:13] [Server thread/INFO]: View Distance: 4
[01:12:13] [Server thread/INFO]: Arrow Despawn Rate: 1200
[01:12:13] [Server thread/INFO]: Allow Zombie Pigmen to spawn from portal blocks: true
[01:12:13] [Server thread/INFO]: Experience Merge Radius: 3.0
[01:12:13] [Server thread/INFO]: Zombie Aggressive Towards Villager: true
[01:12:13] [Server thread/INFO]: Nerfing mobs spawned from spawners: false
[01:12:13] [Server thread/INFO]: Preparing start region for level 0 (Seed: 9043210522798455108)
[01:12:14] [Server thread/INFO]: Preparing spawn area: 3%
[01:12:15] [Server thread/INFO]: Preparing start region for level 1 (Seed: 9043210522798455108)
[01:12:16] [Server thread/INFO]: Preparing start region for level 2 (Seed: 9043210522798455108)
[01:12:16] [Server thread/INFO]: [Inject] Enabling Inject v1.0.3
[01:12:16] [Server thread/INFO]: [Inject] Registered command: /inject
[01:12:16] [Server thread/INFO]: [Inject] Registered command: /patrol
[01:12:16] [Server thread/INFO]: [Inject] Inject plugin enabled.
[01:12:16] [Server thread/INFO]: [SimpleTpa] Enabling SimpleTpa v6.4
[01:12:16] [Server thread/INFO]: [SimpleTpa] If you need support contact me at https://discord.gg/SZUkza9
[01:12:16] [Server thread/INFO]: [SimpleTpa] Simple Tpa has been enabled on version 6.4
[01:12:16] [Server thread/INFO]: Enabled metrics. You may opt-out by changing plugins/bStats/config.yml
[01:12:16] [Server thread/INFO]: [InventorySpy] Enabling InventorySpy v1.0.0
[01:12:16] [Server thread/INFO]: [InventorySpy] InventorySpy enabled.
[01:12:16] [Server thread/INFO]: [WorldEdit] Enabling WorldEdit v6.1;no_git_id
[01:12:16] [Server thread/INFO]: WEPIF: Using the Bukkit Permissions API.
[01:12:16] [Server thread/WARN]: [WorldEdit] 
**********************************************
** This WorldEdit version does not fully support your version of Bukkit.
**
** When working with blocks or undoing, chests will be empty, signs
** will be blank, and so on. There will be no support for entity
** and biome-related functions.
**
** Please see http://wiki.sk89q.com/wiki/WorldEdit/Bukkit_adapters
**********************************************

[01:12:16] [Server thread/INFO]: [CursedAltar] Enabling CursedAltar v1.0
[01:12:16] [Server thread/INFO]: [CursedAltar] CursedAltar enabled
[01:12:16] [Server thread/INFO]: [DisguiseSimple] Enabling DisguiseSimple v1.0
[01:12:16] [Server thread/INFO]: [LoginSecurity] Enabling LoginSecurity v3.2.0
[01:12:16] [Server thread/INFO]: [LoginSecurity] Loading base translations from "en_us"
[01:12:16] [Server thread/INFO]: [LoginSecurity] Loading specified translations from "en_us"
[01:12:17] [Server thread/INFO]: [LoginSecurity] Registering commands...
[01:12:17] [Server thread/INFO]: [LoginSecurity] Registering listeners...
[01:12:17] [Server thread/INFO]: [SimpleHomes] Enabling SimpleHomes v2.2
[01:12:17] [Server thread/INFO]: [EaglerVanish] Enabling EaglerVanish v1.0.0
[01:12:17] [Server thread/INFO]: [EaglerVanish] EaglerVanish enabled
[01:12:17] [Server thread/INFO]: [TickFreeze] Enabling TickFreeze v1.0.0
[01:12:17] [Server thread/INFO]: [TickFreeze] TickFreeze enabled
[01:12:17] [Server thread/INFO]: [ViaVersion] Enabling ViaVersion v5.4.2
[01:12:17] [Server thread/INFO]: [ImmersivePortals] Enabling ImmersivePortals v1.0
[01:12:17] [Server thread/INFO]: [ImmersivePortals] ImmersivePortals enabled!
[01:12:17] [Server thread/INFO]: [ViaBackwards] Enabling ViaBackwards v5.4.2
[01:12:17] [Server thread/INFO]: Done (4.364s)! For help, type "help" or "?"
[01:12:17] [Server thread/INFO]: Timings Reset
[01:12:17] [Server thread/INFO]: [ViaVersion] ViaVersion detected server version: 1.12.2 (340)
[01:12:17] [Server thread/WARN]: [ViaVersion] This version of Minecraft is extremely outdated and support for it has reached its end of life. You will still be able to run Via on this Minecraft version, but we will prioritize issues with legacy Minecraft versions less. Please consider updating to give your players a better experience and to avoid issues that have long been fixed.
[01:12:17] [Craft Scheduler Thread - 1/INFO]: [ViaVersion] Finished mapping loading, shutting down loader executor.
[01:12:18] [Craft Scheduler Thread - 3/INFO]: [SimpleTpa] There is a new update available.
[01:12:18] [Craft Scheduler Thread - 3/INFO]: [SimpleTpa] There is a new update available:
[01:12:18] [Craft Scheduler Thread - 3/INFO]: [SimpleTpa] https://www.spigotmc.org/resources/simple-tpa.64270/
[01:12:18] [Server thread/WARN]: [ViaVersion] There is a newer plugin version available: 5.5.1, you're on: 5.4.2
[01:12:51] [Server thread/INFO]: Stopping the server
[01:12:51] [Server thread/INFO]: Stopping server
[01:12:51] [Server thread/INFO]: [ViaBackwards] Disabling ViaBackwards v5.4.2
[01:12:51] [Server thread/INFO]: [ImmersivePortals] Disabling ImmersivePortals v1.0
[01:12:51] [Server thread/INFO]: [ImmersivePortals] ImmersivePortals disabled!
[01:12:51] [Server thread/INFO]: [ViaVersion] Disabling ViaVersion v5.4.2
[01:12:51] [Server thread/INFO]: [ViaVersion] ViaVersion is disabling. If this is a reload and you experience issues, please reboot instead.
[01:12:51] [Server thread/INFO]: [ViaVersion] ViaVersion has been disabled; uninjected the platform and shut down the scheduler.
[01:12:51] [Server thread/INFO]: [TickFreeze] Disabling TickFreeze v1.0.0
[01:12:51] [Server thread/INFO]: [TickFreeze] TickFreeze disabled
[01:12:51] [Server thread/INFO]: [EaglerVanish] Disabling EaglerVanish v1.0.0
[01:12:51] [Server thread/INFO]: [EaglerVanish] EaglerVanish disabled
[01:12:51] [Server thread/INFO]: [SimpleHomes] Disabling SimpleHomes v2.2
[01:12:51] [Server thread/INFO]: [LoginSecurity] Disabling LoginSecurity v3.2.0
[01:12:51] [Server thread/INFO]: [LoginSecurity] Waiting for queued tasks...
[01:12:51] [Server thread/INFO]: [LoginSecurity] ExecutorService shut down, ready to disable.
[01:12:51] [Server thread/INFO]: [DisguiseSimple] Disabling DisguiseSimple v1.0
[01:12:51] [Server thread/INFO]: [CursedAltar] Disabling CursedAltar v1.0
[01:12:51] [Server thread/INFO]: [CursedAltar] CursedAltar disabled
[01:12:51] [Server thread/INFO]: [WorldEdit] Disabling WorldEdit v6.1;no_git_id
[01:12:51] [Server thread/INFO]: [InventorySpy] Disabling InventorySpy v1.0.0
[01:12:51] [Server thread/INFO]: [InventorySpy] InventorySpy disabled.
[01:12:51] [Server thread/INFO]: [SimpleTpa] Disabling SimpleTpa v6.4
[01:12:51] [Server thread/INFO]: [SimpleTpa] If you need support contact me at https://discord.gg/SZUkza9
[01:12:51] [Server thread/INFO]: [SimpleTpa] Simple Tpa has been disabled on version 6.4
[01:12:51] [Server thread/INFO]: [Inject] Disabling Inject v1.0.3
[01:12:51] [Server thread/INFO]: [Inject] Inject plugin disabled.
[01:12:51] [Server thread/INFO]: Saving players
[01:12:51] [Server thread/INFO]: Saving worlds
[01:12:51] [Server thread/INFO]: Saving chunks for level 'world'/overworld
[01:12:51] [Server thread/INFO]: Saving chunks for level 'world_nether'/the_nether
[01:12:51] [Server thread/INFO]: Saving chunks for level 'world_the_end'/the_end
